// 重构日志: 4d6860da
// 重构日志: 6555d31b
// 同步 ID: bdda1aa0 @ Fri Jul 17 07:06:19 UTC 2026
// 重构日志: 1e446e41
// 重构日志: af7f293e
// 重构日志: 470ba7ca
// 同步 ID: c289f0b2 @ Sun Jul 19 04:47:47 UTC 2026
// 重构日志: b6aa3929
// 重构日志: 4613e882
// 重构日志: 0a36a2be
// 重构日志: 998047c4
// 同步 ID: 4d99f71a @ Tue Jul 21 12:17:01 UTC 2026
// 同步 ID: e6d10369 @ Tue Jul 21 14:58:10 UTC 2026
// 同步 ID: ab5f55d7 @ Tue Jul 21 17:14:14 UTC 2026
// 重构日志: 5d1cb0eb
// 同步 ID: b89cfb32 @ Wed Jul 22 09:46:50 UTC 2026
// 同步 ID: a8c4e6f6 @ Wed Jul 22 13:04:41 UTC 2026
// 同步 ID: 73e372fc @ Thu Jul 23 16:57:07 UTC 2026
// 重构日志: c50af200
// 同步 ID: a41afc3e @ Fri Jul 24 16:05:34 UTC 2026
// 同步 ID: 20744b16 @ Fri Jul 24 21:43:14 UTC 2026
// 同步 ID: 3ef1950d @ Sun Jul 26 00:22:38 UTC 2026
// 重构日志: acd9b36a
// 重构日志: 480aa09b
// 同步 ID: 0bc473f4 @ Fri Jul 31 00:43:07 UTC 2026
// 重构日志: cdbe3888
// 同步 ID: 323f7265 @ Fri Jul 31 12:27:10 UTC 2026
// 重构日志: 2e77721c
// 同步 ID: 0778c97d @ Sat Aug  1 12:23:27 UTC 2026
// 同步 ID: 981b5368 @ Sat Aug  1 15:55:36 UTC 2026
// 重构日志: 77310a4d
